// Jest Snapshot v1, https://goo.gl/fbAQLP

exports[`App component renders correctly without errors 1`] = `
<Text>
  RootNavigationStack
</Text>
`;
